                          BIG6
                   CREATIVE COMPUTING
                 MORRISTOWN, NEW JERSEY



  THIS PROGRAM IS A DICE WHEEL GAME IN WHICH
YOU CAN BET ON ANY NUMBER BETWEEN ONE AND SIX
AND UP TO THREE NUMBERS.
  THE HOUSE LIMIT IS FROM $1 TO $500!!
TO END THIS PROGRAM TYPE THE WORD 'STOP'.
GOOD LUCK!


HOW MANY NUMBERS DO YOU WANT TO BET ON? WHAT TWO NUMBERS? WAGER ON BOTH? THE LUCKY NUMBERS ARE: 1 1 6
YOU WIN 2 TIMES ON:1
YOU LOSE ON: 2
YOU'RE AHEAD $50

HOW MANY NUMBERS DO YOU WANT TO BET ON? 

SO YOU WANT TO CASH IN YOUR CHIPS, I SEE!!
YOU WON EXACTLY $50!! NOT BAD !!!
