                          BIG6
                   CREATIVE COMPUTING
                 MORRISTOWN, NEW JERSEY



  THIS PROGRAM IS A DICE WHEEL GAME IN WHICH
YOU CAN BET ON ANY NUMBER BETWEEN ONE AND SIX
AND UP TO THREE NUMBERS.
  THE HOUSE LIMIT IS FROM $1 TO $500!!
TO END THIS PROGRAM TYPE THE WORD 'STOP'.
GOOD LUCK!


HOW MANY NUMBERS DO YOU WANT TO BET ON? WHAT NUMBER? WAGER? THE LUCKY NUMBERS ARE: 1 1 6
YOU LOSE ON: 3
YOU'RE BEHIND $-100

HOW MANY NUMBERS DO YOU WANT TO BET ON? 

SO YOU WANT TO CASH IN YOUR CHIPS, I SEE!!
YOU DIDN'T WIN ANY MONEY, BUT I'M WILLING TO CALL IT EVEN!!
